Microchip MPLAB XC8 Compiler V1.37 ()

Linker command line:

-W-3 --edf=C:\Program Files (x86)\Microchip\xc8\v1.37\dat\en_msgs.txt -cs \
  -h+dist/default/production\StepperMotor.X.production.sym \
  --cmf=dist/default/production\StepperMotor.X.production.cmf -z -Q18F97J60 \
  -oC:\Users\typha\AppData\Local\Temp\sc20.2 \
  -Mdist/default/production/StepperMotor.X.production.map -E1 -ver=XC8 \
  -ASTACK=060h-0e7fh -pstack=STACK -ACODE=00h-01FFF7h -ACONST=00h-01FFF7h \
  -ASMALLCONST=01000h-010FFhx495,01FF00h-01FFF7h \
  -AMEDIUMCONST=01000h-0FFFFh,011000h-01FFF7h -ACOMRAM=01h-05Fh \
  -AABS1=00h-0E7Fh,0F00h-0F5Fh -ABIGRAM=01h-0E7Fh,0F00h-0F5Fh \
  -ARAM=060h-0FFh,0100h-01FFhx13,0E00h-0E7Fh,0F00h-0F5Fh -ABANK0=060h-0FFh \
  -ABANK1=0100h-01FFh -ABANK2=0200h-02FFh -ABANK3=0300h-03FFh \
  -ABANK4=0400h-04FFh -ABANK5=0500h-05FFh -ABANK6=0600h-06FFh \
  -ABANK7=0700h-07FFh -ABANK8=0800h-08FFh -ABANK9=0900h-09FFh \
  -ABANK10=0A00h-0AFFh -ABANK11=0B00h-0BFFh -ABANK12=0C00h-0CFFh \
  -ABANK13=0D00h-0DFFh -ABANK14=0E00h-0E7Fh -ABANK15=0F00h-0F5Fh \
  -ASFR=0E80h-0EFFh,0F60h-0FFFh \
  -preset_vec=00h,intcode,intcodelo,powerup,init,end_init -pramtop=01000h \
  -psmallconst=SMALLCONST -pmediumconst=MEDIUMCONST -pconst=CONST \
  -AFARRAM=00h-00h -ACONFIG=01FFF8h-01FFFDh -pconfig=CONFIG \
  -pjflash_buffer=01F800h \
  -prdata=COMRAM,nvrram=COMRAM,nvbit=COMRAM,rbss=COMRAM,rbit=COMRAM \
  -pfarbss=FARRAM,fardata=FARRAM,nvFARRAM=FARRAM \
  -pintsave_regs=BIGRAM,bigbss=BIGRAM,bigdata=BIGRAM -pbss=RAM \
  -pidata=CODE,irdata=CODE,ibigdata=CODE,ifardata=CODE -prparam=COMRAM \
  C:\Users\typha\AppData\Local\Temp\sc20.obj \
  dist/default/production\StepperMotor.X.production.obj 

Object code version is 3.11

Machine type is 18F97J60

Call graph: (short form)




                Name                               Link     Load   Length Selector   Space Scale
C:\Users\typha\AppData\Local\Temp\sc20.obj
                end_init                              0        0        4        0       0
                config                            1FFF8    1FFF8        6    1FFF8       0
dist/default/production\StepperMotor.X.production.obj
                text9                             1FD64    1FD64       34     FEB2       0
                text8                             1FE40    1FE40       D2     FF20       0
                text7                             1FD98    1FD98       38     FECC       0
                text6                             1FF12    1FF12       E6     FF89       0
                text5                             1FDD0    1FDD0       38     FEE8       0
                text4                             1FE08    1FE08       38     FF04       0
                text3                             1FD36    1FD36       2E     FE9B       0
                text2                             1FD14    1FD14        6     FE8A       0
                text1                             1FD20    1FD20        8     FE90       0
                text0                             1FD28    1FD28        E     FE94       0
                cstackCOMRAM                          1        1       13        1       1
                cinit                             1FD1A    1FD1A        6     FE8D       0

TOTAL           Name                               Link     Load   Length     Space
        CLASS   STACK          

        CLASS   CODE           
                end_init                              0        0        4         0
                text9                             1FD64    1FD64       34         0
                text8                             1FE40    1FE40       D2         0
                text7                             1FD98    1FD98       38         0
                text6                             1FF12    1FF12       E6         0
                text5                             1FDD0    1FDD0       38         0
                text4                             1FE08    1FE08       38         0
                text3                             1FD36    1FD36       2E         0
                text2                             1FD14    1FD14        6         0
                text1                             1FD20    1FD20        8         0
                text0                             1FD28    1FD28        E         0
                cinit                             1FD1A    1FD1A        6         0

        CLASS   CONST          

        CLASS   SMALLCONST     

        CLASS   MEDIUMCONST    

        CLASS   COMRAM         
                cstackCOMRAM                          1        1       13         1

        CLASS   ABS1           

        CLASS   BIGRAM         

        CLASS   RAM            

        CLASS   BANK0          

        CLASS   BANK1          

        CLASS   BANK2          

        CLASS   BANK3          

        CLASS   BANK4          

        CLASS   BANK5          

        CLASS   BANK6          

        CLASS   BANK7          

        CLASS   BANK8          

        CLASS   BANK9          

        CLASS   BANK10         

        CLASS   BANK11         

        CLASS   BANK12         

        CLASS   BANK13         

        CLASS   BANK14         

        CLASS   BANK15         

        CLASS   SFR            

        CLASS   FARRAM         

        CLASS   CONFIG         
                config                            1FFF8    1FFF8        6         0

        CLASS   IDLOC          



SEGMENTS        Name                           Load    Length   Top    Selector   Space  Class

                reset_vec                      000000  000004  000004         0       0  CODE    
                cstackCOMRAM                   000001  000013  000014         1       1  COMRAM  
                text2                          01FD14  000006  01FD1A      FE8A       0  CODE    
                cinit                          01FD1A  000006  01FD20      FE8D       0  CODE    
                text1                          01FD20  000008  01FD28      FE90       0  CODE    
                text0                          01FD28  00000E  01FD36      FE94       0  CODE    
                text3                          01FD36  00002E  01FD64      FE9B       0  CODE    
                text9                          01FD64  000034  01FD98      FEB2       0  CODE    
                text7                          01FD98  000038  01FDD0      FECC       0  CODE    
                text5                          01FDD0  000038  01FE08      FEE8       0  CODE    
                text4                          01FE08  000038  01FE40      FF04       0  CODE    
                text8                          01FE40  0000D2  01FF12      FF20       0  CODE    
                text6                          01FF12  0000E6  01FFF8      FF89       0  CODE    
                config                         01FFF8  000006  01FFFE     1FFF8       0  CONFIG  


UNUSED ADDRESS RANGES

        Name                Unused          Largest block    Delta
        BANK0            00060-000FF              A0
        BANK1            00100-001FF             100
        BANK10           00A00-00AFF             100
        BANK11           00B00-00BFF             100
        BANK12           00C00-00CFF             100
        BANK13           00D00-00DFF             100
        BANK14           00E00-00E7F              80
        BANK15           00F00-00F5F              60
        BANK2            00200-002FF             100
        BANK3            00300-003FF             100
        BANK4            00400-004FF             100
        BANK5            00500-005FF             100
        BANK6            00600-006FF             100
        BANK7            00700-007FF             100
        BANK8            00800-008FF             100
        BANK9            00900-009FF             100
        BIGRAM           00014-00E7F             E6C
                         00F00-00F5F              60
        CODE             00004-1FD13           1FD10
        COMRAM           00014-0005F              4C
        CONST            00004-1FD13           1FD10
        MEDIUMCONST      01000-0FFFF            F000
                         11000-1FD13            ED14
        RAM              00060-00E7F             100
                         00F00-00F5F              60
        SFR              00E80-00EFF              80
                         00F60-00FFF              A0
        SMALLCONST       01000-1FD13             100
        STACK            00060-00E7F             E20

                                  Symbol Table

_PORTD                   (abs)         00F83
_TRISD                   (abs)         00F95
__CFG_FOSC$HS            (abs)         00000
__CFG_WDT$OFF            (abs)         00000
__CFG_XINST$OFF          (abs)         00000
__HRAM                   (abs)         00000
__Habs1                  abs1          00000
__Hbank0                 bank0         00000
__Hbank1                 bank1         00000
__Hbank10                bank10        00000
__Hbank11                bank11        00000
__Hbank12                bank12        00000
__Hbank13                bank13        00000
__Hbank14                bank14        00000
__Hbank15                bank15        00000
__Hbank2                 bank2         00000
__Hbank3                 bank3         00000
__Hbank4                 bank4         00000
__Hbank5                 bank5         00000
__Hbank6                 bank6         00000
__Hbank7                 bank7         00000
__Hbank8                 bank8         00000
__Hbank9                 bank9         00000
__Hbigbss                bigbss        00000
__Hbigdata               bigdata       00000
__Hbigram                bigram        00000
__Hbss                   bss           00000
__Hcinit                 cinit         00000
__Hclrtext               clrtext       00000
__Hcomram                comram        00000
__Hconfig                config        1FFFE
__Hconst                 const         00000
__HcstackCOMRAM          cstackCOMRAM  00000
__Hdata                  data          00000
__Hend_init              end_init      00004
__Hfarbss                farbss        00000
__Hfardata               fardata       00000
__Hibigdata              ibigdata      00000
__Hidata                 idata         00000
__Hidloc                 idloc         00000
__Hifardata              ifardata      00000
__Hinit                  init          00000
__Hintcode               intcode       00000
__Hintcode_body          intcode_body  00000
__Hintcodelo             intcodelo     00000
__Hintentry              intentry      00000
__Hintret                intret        00000
__Hintsave_regs          intsave_regs  00000
__Hirdata                irdata        00000
__Hjflash_buffer         jflash_buffer 1F800
__Hmediumconst           mediumconst   00000
__HnvFARRAM              nvFARRAM      00000
__Hnvbit                 nvbit         00000
__Hnvrram                nvrram        00000
__Hparam                 rparam        00000
__Hpowerup               powerup       00000
__Hram                   ram           00000
__Hramtop                ramtop        01000
__Hrbit                  rbit          00000
__Hrbss                  rbss          00000
__Hrdata                 rdata         00000
__Hreset_vec             reset_vec     00000
__Hrparam                rparam        00000
__Hsfr                   sfr           00000
__Hsmallconst            smallconst    00000
__Hspace_0               (abs)         1FFFE
__Hspace_1               (abs)         00014
__Hspace_2               (abs)         00000
__Hstack                 stack         00000
__Hstruct                struct        00000
__Htemp                  temp          00000
__Htext                  text          00000
__Htext0                 text0         00000
__Htext1                 text1         00000
__Htext2                 text2         00000
__Htext3                 text3         00000
__Htext4                 text4         00000
__Htext5                 text5         00000
__Htext6                 text6         00000
__Htext7                 text7         00000
__Htext8                 text8         00000
__Htext9                 text9         00000
__LRAM                   (abs)         00001
__Labs1                  abs1          00000
__Lbank0                 bank0         00000
__Lbank1                 bank1         00000
__Lbank10                bank10        00000
__Lbank11                bank11        00000
__Lbank12                bank12        00000
__Lbank13                bank13        00000
__Lbank14                bank14        00000
__Lbank15                bank15        00000
__Lbank2                 bank2         00000
__Lbank3                 bank3         00000
__Lbank4                 bank4         00000
__Lbank5                 bank5         00000
__Lbank6                 bank6         00000
__Lbank7                 bank7         00000
__Lbank8                 bank8         00000
__Lbank9                 bank9         00000
__Lbigbss                bigbss        00000
__Lbigdata               bigdata       00000
__Lbigram                bigram        00000
__Lbss                   bss           00000
__Lcinit                 cinit         00000
__Lclrtext               clrtext       00000
__Lcomram                comram        00000
__Lconfig                config        1FFF8
__Lconst                 const         00000
__LcstackCOMRAM          cstackCOMRAM  00000
__Ldata                  data          00000
__Lend_init              end_init      00000
__Lfarbss                farbss        00000
__Lfardata               fardata       00000
__Libigdata              ibigdata      00000
__Lidata                 idata         00000
__Lidloc                 idloc         00000
__Lifardata              ifardata      00000
__Linit                  init          00000
__Lintcode               intcode       00000
__Lintcode_body          intcode_body  00000
__Lintcodelo             intcodelo     00000
__Lintentry              intentry      00000
__Lintret                intret        00000
__Lintsave_regs          intsave_regs  00000
__Lirdata                irdata        00000
__Ljflash_buffer         jflash_buffer 1F800
__Lmediumconst           mediumconst   00000
__LnvFARRAM              nvFARRAM      00000
__Lnvbit                 nvbit         00000
__Lnvrram                nvrram        00000
__Lparam                 rparam        00000
__Lpowerup               powerup       00000
__Lram                   ram           00000
__Lramtop                ramtop        01000
__Lrbit                  rbit          00000
__Lrbss                  rbss          00000
__Lrdata                 rdata         00000
__Lreset_vec             reset_vec     00000
__Lrparam                rparam        00000
__Lsfr                   sfr           00000
__Lsmallconst            smallconst    00000
__Lspace_0               (abs)         00000
__Lspace_1               (abs)         00000
__Lspace_2               (abs)         00000
__Lstack                 stack         00000
__Lstruct                struct        00000
__Ltemp                  temp          00000
__Ltext                  text          00000
__Ltext0                 text0         00000
__Ltext1                 text1         00000
__Ltext2                 text2         00000
__Ltext3                 text3         00000
__Ltext4                 text4         00000
__Ltext5                 text5         00000
__Ltext6                 text6         00000
__Ltext7                 text7         00000
__Ltext8                 text8         00000
__Ltext9                 text9         00000
__S0                     (abs)         1FFFE
__S1                     (abs)         00014
__S2                     (abs)         00000
___extmem_base           (abs)         20000
___inthi_sp              stack         00000
___intlo_sp              stack         00000
___param_bank            (abs)         00010
___rparam_used           (abs)         00001
___sp                    stack         00000
__accesstop              (abs)         00060
__activetblptr           (abs)         00000
__end_of__initialization cinit         1FD1A
__end_of_delay_ms        text9         1FD98
__end_of_dry             text7         1FDD0
__end_of_main            text0         1FD36
__end_of_normalWashMode  text3         1FD64
__end_of_oscillateMotor  text6         1FFF8
__end_of_rinse           text5         1FE08
__end_of_spinMotor       text8         1FF12
__end_of_startMotor      text2         1FD1A
__end_of_stopMotor       text1         1FD28
__end_of_wash            text4         1FE40
__initialization         cinit         1FD1A
__mediumconst            mediumconst   00000
__pcinit                 cinit         1FD1A
__pcstackCOMRAM          cstackCOMRAM  00001
__ptext0                 text0         1FD28
__ptext1                 text1         1FD20
__ptext2                 text2         1FD14
__ptext3                 text3         1FD36
__ptext4                 text4         1FE08
__ptext5                 text5         1FDD0
__ptext6                 text6         1FF12
__ptext7                 text7         1FD98
__ptext8                 text8         1FE40
__ptext9                 text9         1FD64
__ramtop                 ramtop        01000
__size_of_delay_ms       (abs)         00000
__size_of_dry            (abs)         00000
__size_of_main           (abs)         00000
__size_of_normalWashMode (abs)         00000
__size_of_oscillateMotor (abs)         00000
__size_of_rinse          (abs)         00000
__size_of_spinMotor      (abs)         00000
__size_of_startMotor     (abs)         00000
__size_of_stopMotor      (abs)         00000
__size_of_wash           (abs)         00000
__smallconst             smallconst    00000
_delay_ms                text9         1FD64
_dry                     text7         1FD98
_main                    text0         1FD28
_normalWashMode          text3         1FD36
_oscillateMotor          text6         1FF12
_rinse                   text5         1FDD0
_spinMotor               text8         1FE40
_startMotor              text2         1FD14
_stopMotor               text1         1FD20
_wash                    text4         1FE08
delay_ms@i               cstackCOMRAM  00004
delay_ms@x               cstackCOMRAM  00001
dry@cycle                cstackCOMRAM  0000C
dry@i                    cstackCOMRAM  0000F
end_of_initialization    cinit         1FD1A
intlevel0                text          00000
intlevel1                text          00000
intlevel2                text          00000
intlevel3                text          00000
normalWashMode@cycle     cstackCOMRAM  00012
oscillateMotor@j         cstackCOMRAM  0000B
oscillateMotor@rate      cstackCOMRAM  00006
oscillateMotor@step      cstackCOMRAM  00008
rinse@cycle              cstackCOMRAM  0000D
rinse@i                  cstackCOMRAM  00010
spinMotor@direction      cstackCOMRAM  00008
spinMotor@i              cstackCOMRAM  0000A
spinMotor@rate           cstackCOMRAM  00006
stackhi                  (abs)         00E7F
stacklo                  (abs)         00060
start                    init          00000
start_initialization     cinit         1FD1A
wash@cycle               cstackCOMRAM  0000C
wash@i                   cstackCOMRAM  0000F


FUNCTION INFORMATION:

 *************** function _main *****************
 Defined at:
		line 12 in file "Test.c"
 Parameters:    Size  Location     Type
		None
 Auto vars:     Size  Location     Type
		None
 Return value:  Size  Location     Type
                  1    wreg      void 
 Registers used:
		wreg, status,2, status,0, cstack
 Tracked objects:
		On entry : 
		On exit  : 
		Unchanged: 
 Data sizes:     COMRAM   BANK0   BANK1   BANK2   BANK3   BANK4   BANK5   BANK6   BANK7   BANK8   BANK9  BANK10  BANK11  BANK12  BANK13  BANK14  BANK15
      Params:         0       0       0       0       0       0       0       0       0       0       0       0       0       0       0       0       0
      Locals:         0       0       0       0       0       0       0       0       0       0       0       0       0       0       0       0       0
      Temps:          0       0       0       0       0       0       0       0       0       0       0       0       0       0       0       0       0
      Totals:         0       0       0       0       0       0       0       0       0       0       0       0       0       0       0       0       0
Total ram usage:        0 bytes
 Hardware stack levels required when called:    4
 This function calls:
		_normalWashMode
		_startMotor
		_stopMotor
 This function is called by:
		Startup code after reset
 This function uses a non-reentrant model


 *************** function _stopMotor *****************
 Defined at:
		line 21 in file "Motor.c"
 Parameters:    Size  Location     Type
		None
 Auto vars:     Size  Location     Type
		None
 Return value:  Size  Location     Type
                  1    wreg      void 
 Registers used:
		wreg, status,2
 Tracked objects:
		On entry : 
		On exit  : 
		Unchanged: 
 Data sizes:     COMRAM   BANK0   BANK1   BANK2   BANK3   BANK4   BANK5   BANK6   BANK7   BANK8   BANK9  BANK10  BANK11  BANK12  BANK13  BANK14  BANK15
      Params:         0       0       0       0       0       0       0       0       0       0       0       0       0       0       0       0       0
      Locals:         0       0       0       0       0       0       0       0       0       0       0       0       0       0       0       0       0
      Temps:          0       0       0       0       0       0       0       0       0       0       0       0       0       0       0       0       0
      Totals:         0       0       0       0       0       0       0       0       0       0       0       0       0       0       0       0       0
Total ram usage:        0 bytes
 Hardware stack levels used:    1
 This function calls:
		Nothing
 This function is called by:
		_main
 This function uses a non-reentrant model


 *************** function _startMotor *****************
 Defined at:
		line 17 in file "Motor.c"
 Parameters:    Size  Location     Type
		None
 Auto vars:     Size  Location     Type
		None
 Return value:  Size  Location     Type
                  1    wreg      void 
 Registers used:
		wreg, status,2
 Tracked objects:
		On entry : 
		On exit  : 
		Unchanged: 
 Data sizes:     COMRAM   BANK0   BANK1   BANK2   BANK3   BANK4   BANK5   BANK6   BANK7   BANK8   BANK9  BANK10  BANK11  BANK12  BANK13  BANK14  BANK15
      Params:         0       0       0       0       0       0       0       0       0       0       0       0       0       0       0       0       0
      Locals:         0       0       0       0       0       0       0       0       0       0       0       0       0       0       0       0       0
      Temps:          0       0       0       0       0       0       0       0       0       0       0       0       0       0       0       0       0
      Totals:         0       0       0       0       0       0       0       0       0       0       0       0       0       0       0       0       0
Total ram usage:        0 bytes
 Hardware stack levels used:    1
 This function calls:
		Nothing
 This function is called by:
		_main
 This function uses a non-reentrant model


 *************** function _normalWashMode *****************
 Defined at:
		line 108 in file "Motor.c"
 Parameters:    Size  Location     Type
		None
 Auto vars:     Size  Location     Type
  cycle           2   17[COMRAM] int 
 Return value:  Size  Location     Type
                  1    wreg      void 
 Registers used:
		wreg, status,2, status,0, cstack
 Tracked objects:
		On entry : 
		On exit  : 
		Unchanged: 
 Data sizes:     COMRAM   BANK0   BANK1   BANK2   BANK3   BANK4   BANK5   BANK6   BANK7   BANK8   BANK9  BANK10  BANK11  BANK12  BANK13  BANK14  BANK15
      Params:         0       0       0       0       0       0       0       0       0       0       0       0       0       0       0       0       0
      Locals:         2       0       0       0       0       0       0       0       0       0       0       0       0       0       0       0       0
      Temps:          0       0       0       0       0       0       0       0       0       0       0       0       0       0       0       0       0
      Totals:         2       0       0       0       0       0       0       0       0       0       0       0       0       0       0       0       0
Total ram usage:        2 bytes
 Hardware stack levels used:    1
 Hardware stack levels required when called:    3
 This function calls:
		_dry
		_rinse
		_wash
 This function is called by:
		_main
 This function uses a non-reentrant model


 *************** function _wash *****************
 Defined at:
		line 94 in file "Motor.c"
 Parameters:    Size  Location     Type
  cycle           2   11[COMRAM] int 
 Auto vars:     Size  Location     Type
  i               2   14[COMRAM] int 
 Return value:  Size  Location     Type
                  1    wreg      void 
 Registers used:
		wreg, status,2, status,0, cstack
 Tracked objects:
		On entry : 
		On exit  : 
		Unchanged: 
 Data sizes:     COMRAM   BANK0   BANK1   BANK2   BANK3   BANK4   BANK5   BANK6   BANK7   BANK8   BANK9  BANK10  BANK11  BANK12  BANK13  BANK14  BANK15
      Params:         2       0       0       0       0       0       0       0       0       0       0       0       0       0       0       0       0
      Locals:         2       0       0       0       0       0       0       0       0       0       0       0       0       0       0       0       0
      Temps:          1       0       0       0       0       0       0       0       0       0       0       0       0       0       0       0       0
      Totals:         5       0       0       0       0       0       0       0       0       0       0       0       0       0       0       0       0
Total ram usage:        5 bytes
 Hardware stack levels used:    1
 Hardware stack levels required when called:    2
 This function calls:
		_spinMotor
 This function is called by:
		_normalWashMode
		_quickWashMode
 This function uses a non-reentrant model


 *************** function _rinse *****************
 Defined at:
		line 87 in file "Motor.c"
 Parameters:    Size  Location     Type
  cycle           2   12[COMRAM] int 
 Auto vars:     Size  Location     Type
  i               2   15[COMRAM] int 
 Return value:  Size  Location     Type
                  1    wreg      void 
 Registers used:
		wreg, status,2, status,0, cstack
 Tracked objects:
		On entry : 
		On exit  : 
		Unchanged: 
 Data sizes:     COMRAM   BANK0   BANK1   BANK2   BANK3   BANK4   BANK5   BANK6   BANK7   BANK8   BANK9  BANK10  BANK11  BANK12  BANK13  BANK14  BANK15
      Params:         2       0       0       0       0       0       0       0       0       0       0       0       0       0       0       0       0
      Locals:         2       0       0       0       0       0       0       0       0       0       0       0       0       0       0       0       0
      Temps:          1       0       0       0       0       0       0       0       0       0       0       0       0       0       0       0       0
      Totals:         5       0       0       0       0       0       0       0       0       0       0       0       0       0       0       0       0
Total ram usage:        5 bytes
 Hardware stack levels used:    1
 Hardware stack levels required when called:    2
 This function calls:
		_oscillateMotor
 This function is called by:
		_normalWashMode
		_quickWashMode
 This function uses a non-reentrant model


 *************** function _oscillateMotor *****************
 Defined at:
		line 56 in file "Motor.c"
 Parameters:    Size  Location     Type
  rate            2    5[COMRAM] int 
  step            2    7[COMRAM] int 
 Auto vars:     Size  Location     Type
  j               2   10[COMRAM] int 
 Return value:  Size  Location     Type
                  1    wreg      void 
 Registers used:
		wreg, status,2, status,0, cstack
 Tracked objects:
		On entry : 
		On exit  : 
		Unchanged: 
 Data sizes:     COMRAM   BANK0   BANK1   BANK2   BANK3   BANK4   BANK5   BANK6   BANK7   BANK8   BANK9  BANK10  BANK11  BANK12  BANK13  BANK14  BANK15
      Params:         4       0       0       0       0       0       0       0       0       0       0       0       0       0       0       0       0
      Locals:         2       0       0       0       0       0       0       0       0       0       0       0       0       0       0       0       0
      Temps:          1       0       0       0       0       0       0       0       0       0       0       0       0       0       0       0       0
      Totals:         7       0       0       0       0       0       0       0       0       0       0       0       0       0       0       0       0
Total ram usage:        7 bytes
 Hardware stack levels used:    1
 Hardware stack levels required when called:    1
 This function calls:
		_delay_ms
 This function is called by:
		_rinse
 This function uses a non-reentrant model


 *************** function _dry *****************
 Defined at:
		line 101 in file "Motor.c"
 Parameters:    Size  Location     Type
  cycle           2   11[COMRAM] int 
 Auto vars:     Size  Location     Type
  i               2   14[COMRAM] int 
 Return value:  Size  Location     Type
                  1    wreg      void 
 Registers used:
		wreg, status,2, status,0, cstack
 Tracked objects:
		On entry : 
		On exit  : 
		Unchanged: 
 Data sizes:     COMRAM   BANK0   BANK1   BANK2   BANK3   BANK4   BANK5   BANK6   BANK7   BANK8   BANK9  BANK10  BANK11  BANK12  BANK13  BANK14  BANK15
      Params:         2       0       0       0       0       0       0       0       0       0       0       0       0       0       0       0       0
      Locals:         2       0       0       0       0       0       0       0       0       0       0       0       0       0       0       0       0
      Temps:          1       0       0       0       0       0       0       0       0       0       0       0       0       0       0       0       0
      Totals:         5       0       0       0       0       0       0       0       0       0       0       0       0       0       0       0       0
Total ram usage:        5 bytes
 Hardware stack levels used:    1
 Hardware stack levels required when called:    2
 This function calls:
		_spinMotor
 This function is called by:
		_normalWashMode
 This function uses a non-reentrant model


 *************** function _spinMotor *****************
 Defined at:
		line 26 in file "Motor.c"
 Parameters:    Size  Location     Type
  rate            2    5[COMRAM] int 
  direction       2    7[COMRAM] int 
 Auto vars:     Size  Location     Type
  i               2    9[COMRAM] int 
 Return value:  Size  Location     Type
                  1    wreg      void 
 Registers used:
		wreg, status,2, status,0, cstack
 Tracked objects:
		On entry : 
		On exit  : 
		Unchanged: 
 Data sizes:     COMRAM   BANK0   BANK1   BANK2   BANK3   BANK4   BANK5   BANK6   BANK7   BANK8   BANK9  BANK10  BANK11  BANK12  BANK13  BANK14  BANK15
      Params:         4       0       0       0       0       0       0       0       0       0       0       0       0       0       0       0       0
      Locals:         2       0       0       0       0       0       0       0       0       0       0       0       0       0       0       0       0
      Temps:          0       0       0       0       0       0       0       0       0       0       0       0       0       0       0       0       0
      Totals:         6       0       0       0       0       0       0       0       0       0       0       0       0       0       0       0       0
Total ram usage:        6 bytes
 Hardware stack levels used:    1
 Hardware stack levels required when called:    1
 This function calls:
		_delay_ms
 This function is called by:
		_wash
		_dry
		_turboDry
 This function uses a non-reentrant model


 *************** function _delay_ms *****************
 Defined at:
		line 4 in file "delay.c"
 Parameters:    Size  Location     Type
  x               2    0[COMRAM] int 
 Auto vars:     Size  Location     Type
  i               2    3[COMRAM] int 
 Return value:  Size  Location     Type
                  1    wreg      void 
 Registers used:
		wreg, status,2, status,0
 Tracked objects:
		On entry : 
		On exit  : 
		Unchanged: 
 Data sizes:     COMRAM   BANK0   BANK1   BANK2   BANK3   BANK4   BANK5   BANK6   BANK7   BANK8   BANK9  BANK10  BANK11  BANK12  BANK13  BANK14  BANK15
      Params:         2       0       0       0       0       0       0       0       0       0       0       0       0       0       0       0       0
      Locals:         2       0       0       0       0       0       0       0       0       0       0       0       0       0       0       0       0
      Temps:          1       0       0       0       0       0       0       0       0       0       0       0       0       0       0       0       0
      Totals:         5       0       0       0       0       0       0       0       0       0       0       0       0       0       0       0       0
Total ram usage:        5 bytes
 Hardware stack levels used:    1
 This function calls:
		Nothing
 This function is called by:
		_spinMotor
		_oscillateMotor
 This function uses a non-reentrant model



MODULE INFORMATION

Module		Function		Class		Link	Load	Size
delay.c
		_delay_ms      		CODE           	1FD64	0000	53

delay.c estimated size: 53

Motor.c
		_wash          		CODE           	1FE08	0000	57
		_stopMotor     		CODE           	1FD20	0000	9
		_rinse         		CODE           	1FDD0	0000	57
		_startMotor    		CODE           	1FD14	0000	7
		_oscillateMotor		CODE           	1FF12	0000	231
		_dry           		CODE           	1FD98	0000	57
		_normalWashMode		CODE           	1FD36	0000	47
		_spinMotor     		CODE           	1FE40	0000	211

Motor.c estimated size: 676

shared
		__initialization		CODE           	1FD1A	0000	1

shared estimated size: 1

Test.c
		_main          		CODE           	1FD28	0000	15

Test.c estimated size: 15

